[backblue.gif]
[fade.gif]
[index.html]
[kodeforest.net/html/islamic/images/drop-img.png]
[kodeforest.net/html/islamic/images/icon-img.png]
[kodeforest.net/html/islamic/images/icon-img1.png]
[kodeforest.net/html/islamic/images/icon-img2.png]
[kodeforest.net/html/islamic/images/icon-img3.png]
[kodeforest.net/html/islamic/images/top-logo.png]
[kodeforest.net/html/islamic/extra-images/banner.jpg]
[kodeforest.net/html/islamic/extra-images/banner1.jpg]
[kodeforest.net/html/islamic/extra-images/banner2.jpg]
[kodeforest.net/html/islamic/extra-images/mosque.jpg]
[kodeforest.net/html/islamic/extra-images/mosque1.jpg]
[kodeforest.net/html/islamic/extra-images/mosque2.jpg]
[kodeforest.net/html/islamic/images/hdg-img.png]
[kodeforest.net/html/islamic/images/hdg-img-2.png]
[kodeforest.net/html/islamic/extra-images/service.jpg]
[kodeforest.net/html/islamic/extra-images/service1.jpg]
[kodeforest.net/html/islamic/extra-images/service2.jpg]
[kodeforest.net/html/islamic/extra-images/service3.jpg]
[kodeforest.net/html/islamic/extra-images/service4.jpg]
[kodeforest.net/html/islamic/extra-images/service5.jpg]
[kodeforest.net/html/islamic/images/pray.png]
[kodeforest.net/html/islamic/extra-images/member_g.jpg]
[kodeforest.net/html/islamic/extra-images/member_g1.jpg]
[kodeforest.net/html/islamic/extra-images/member_g2.jpg]
[kodeforest.net/html/islamic/extra-images/team.jpg]
[kodeforest.net/html/islamic/extra-images/team1.jpg]
[kodeforest.net/html/islamic/extra-images/team2.jpg]
[kodeforest.net/html/islamic/extra-images/team3.jpg]
[kodeforest.net/html/islamic/extra-images/blog.jpg]
[kodeforest.net/html/islamic/extra-images/blog1.jpg]
[kodeforest.net/html/islamic/extra-images/blog2.jpg]
[kodeforest.net/html/islamic/extra-images/timer.jpg]
[kodeforest.net/html/islamic/extra-images/client.jpg]
[kodeforest.net/html/islamic/extra-images/client1.jpg]
[kodeforest.net/html/islamic/extra-images/client2.jpg]
[kodeforest.net/html/islamic/extra-images/client3.jpg]
[kodeforest.net/html/islamic/extra-images/product.jpg]
[kodeforest.net/html/islamic/images/footer-logo.png]
[kodeforest.net/html/islamic/js/jquery.js]
[kodeforest.net/html/islamic/js/bootstrap.js]
[kodeforest.net/html/islamic/js/slick.min.js]
[kodeforest.net/html/islamic/js/wow.min.js]
[kodeforest.net/html/islamic/js/jquery.bxslider.min.js]
[kodeforest.net/html/islamic/js/jQuery-plugin-progressbar.js]
[kodeforest.net/html/islamic/js/chosen.jquery.min.js]
[kodeforest.net/html/islamic/js/modernizr.custom.js]
[kodeforest.net/html/islamic/js/jquery.dlmenu.js]
[kodeforest.net/html/islamic/js/musicplayer.js]
[kodeforest.net/html/islamic/js/jquery.prettyphoto.js]
[kodeforest.net/html/islamic/js/jquery.downCount.js]
[kodeforest.net/html/islamic/js/waypoints-min.js]
[kodeforest.net/html/islamic/js/custom.js]
[kodeforest.net/html/islamic/index.html]
[kodeforest.net/html/islamic/css/bootstrap.css]
[kodeforest.net/html/islamic/fonts/fontawesome-webfont3e6e.eot]
[kodeforest.net/html/islamic/fonts/fontawesome-webfontd41d.eot]
[kodeforest.net/html/islamic/fonts/fontawesome-webfont3e6e.woff2]
[kodeforest.net/html/islamic/fonts/fontawesome-webfont3e6e.woff]
[kodeforest.net/html/islamic/fonts/fontawesome-webfont3e6e.ttf]
[kodeforest.net/html/islamic/css/font-awesome.css]
[kodeforest.net/html/islamic/css/slick.css]
[kodeforest.net/html/islamic/css/images/bx_loader.gif]
[kodeforest.net/html/islamic/css/jquery.bxslider.css]
[kodeforest.net/html/islamic/css/audio.css]
[kodeforest.net/html/islamic/images/prettyPhoto/light_rounded/sprite.png]
[kodeforest.net/html/islamic/images/prettyPhoto/dark_rounded/sprite.png]
[kodeforest.net/html/islamic/images/prettyPhoto/light_square/sprite.png]
[kodeforest.net/html/islamic/css/prettyphoto.css]
[kodeforest.net/html/islamic/css/demo-page.css]
[kodeforest.net/html/islamic/css/component.css]
[kodeforest.net/html/islamic/css/hover.css]
[kodeforest.net/html/islamic/css/jQuery-plugin-progressbar.css]
[kodeforest.net/html/islamic/css/chosen-sprite.png]
[kodeforest.net/html/islamic/images/chosen-sprite.png]
[kodeforest.net/html/islamic/css/chosen-sprite@2x.png]
[kodeforest.net/html/islamic/css/chosen.min.css]
[kodeforest.net/html/islamic/css/animate.css]
[kodeforest.net/html/islamic/css/slick-theme.css]
[kodeforest.net/html/islamic/css/typography.css]
[kodeforest.net/html/islamic/css/shotcode.css]
[kodeforest.net/html/islamic/images/top_bg.png]
[kodeforest.net/html/islamic/images/piller.png]
[kodeforest.net/html/islamic/images/pattran-bg.png]
[kodeforest.net/html/islamic/images/cause-bg.png]
[kodeforest.net/html/islamic/images/footer-bg.png]
[kodeforest.net/html/islamic/images/piller-bg.png]
[kodeforest.net/html/islamic/images/bulding.png]
[kodeforest.net/html/islamic/images/banner-pattran-bg.png]
[kodeforest.net/html/islamic/images/philosophy-pt.png]
[kodeforest.net/html/islamic/images/404-bg.png]
[kodeforest.net/html/islamic/images/404_bg1.png]
[kodeforest.net/html/islamic/images/coming-bg.png]
[kodeforest.net/html/islamic/images/service_bg.png]
[kodeforest.net/html/islamic/images/service_bg1.png]
[kodeforest.net/html/islamic/images/images.png]
[kodeforest.net/html/islamic/style.css]
[kodeforest.net/html/islamic/fonts/icomooncfaa.eot]
[kodeforest.net/html/islamic/fonts/icomooncfaa.ttf]
[kodeforest.net/html/islamic/fonts/icomooncfaa.woff]
[kodeforest.net/html/islamic/svg-icon.css]
[kodeforest.net/html/islamic/css/color.css]
[kodeforest.net/html/islamic/css/responsive.css]
[kodeforest.net/html/islamic/index-2.html]
[kodeforest.net/html/islamic/images/top-logo2.png]
[kodeforest.net/html/islamic/extra-images/banner-3.jpg]
[kodeforest.net/html/islamic/images/banner2.png]
[kodeforest.net/html/islamic/extra-images/banner-2.jpg]
[kodeforest.net/html/islamic/images/banner3.png]
[kodeforest.net/html/islamic/extra-images/banner-1.jpg]
[kodeforest.net/html/islamic/images/banner4.png]
[kodeforest.net/html/islamic/images/mosqe.png]
[kodeforest.net/html/islamic/images/piller1.png]
[kodeforest.net/html/islamic/extra-images/bulding1.jpg]
[kodeforest.net/html/islamic/extra-images/gallery01.jpg]
[kodeforest.net/html/islamic/extra-images/gallery02.jpg]
[kodeforest.net/html/islamic/extra-images/gallery03.jpg]
[kodeforest.net/html/islamic/extra-images/gallery04.jpg]
[kodeforest.net/html/islamic/extra-images/gallery05.jpg]
[kodeforest.net/html/islamic/extra-images/gallery06.jpg]
[kodeforest.net/html/islamic/extra-images/gallery07.jpg]
[kodeforest.net/html/islamic/extra-images/event-video.jpg]
[kodeforest.net/html/islamic/images/footer-logo1.png]
[kodeforest.net/html/islamic/js/search-script.js]
[kodeforest.net/html/islamic/index-1.html]
[kodeforest.net/html/islamic/extra-images/mosqe3.jpg]
[kodeforest.net/html/islamic/about-us.html]
[kodeforest.net/html/islamic/extra-images/service6.jpg]
[kodeforest.net/html/islamic/extra-images/service7.jpg]
[kodeforest.net/html/islamic/extra-images/service8.jpg]
[kodeforest.net/html/islamic/service.html]
[kodeforest.net/html/islamic/service-01.html]
[kodeforest.net/html/islamic/extra-images/service01.jpg]
[kodeforest.net/html/islamic/extra-images/service02.jpg]
[kodeforest.net/html/islamic/extra-images/service03.jpg]
[kodeforest.net/html/islamic/extra-images/service04.jpg]
[kodeforest.net/html/islamic/extra-images/service05.jpg]
[kodeforest.net/html/islamic/extra-images/service06.jpg]
[kodeforest.net/html/islamic/service02.html]
[kodeforest.net/html/islamic/extra-images/service-detail.jpg]
[kodeforest.net/html/islamic/extra-images/service-detail1.jpg]
[kodeforest.net/html/islamic/extra-images/feature.jpg]
[kodeforest.net/html/islamic/extra-images/feature1.jpg]
[kodeforest.net/html/islamic/extra-images/feature2.jpg]
[kodeforest.net/html/islamic/js/accordion.js]
[kodeforest.net/html/islamic/service-detail.html]
[kodeforest.net/html/islamic/extra-images/service-side.jpg]
[kodeforest.net/html/islamic/extra-images/service-side1.jpg]
[kodeforest.net/html/islamic/extra-images/service-side2.jpg]
[kodeforest.net/html/islamic/extra-images/service-side3.jpg]
[kodeforest.net/html/islamic/extra-images/service-side4.jpg]
[kodeforest.net/html/islamic/service-sidebar.html]
[kodeforest.net/html/islamic/extra-images/project.jpg]
[kodeforest.net/html/islamic/extra-images/project1.jpg]
[kodeforest.net/html/islamic/extra-images/project2.jpg]
[kodeforest.net/html/islamic/extra-images/project3.jpg]
[kodeforest.net/html/islamic/extra-images/project4.jpg]
[kodeforest.net/html/islamic/extra-images/project5.jpg]
[kodeforest.net/html/islamic/project.html]
[kodeforest.net/html/islamic/extra-images/project01.jpg]
[kodeforest.net/html/islamic/extra-images/project02.jpg]
[kodeforest.net/html/islamic/extra-images/project03.jpg]
[kodeforest.net/html/islamic/extra-images/project04.jpg]
[kodeforest.net/html/islamic/extra-images/project05.jpg]
[kodeforest.net/html/islamic/extra-images/project06.jpg]
[kodeforest.net/html/islamic/extra-images/project07.jpg]
[kodeforest.net/html/islamic/extra-images/project08.jpg]
[kodeforest.net/html/islamic/js/jquery.mkinfinite.js]
[kodeforest.net/html/islamic/project-01.html]
[kodeforest.net/html/islamic/extra-images/project-list.jpg]
[kodeforest.net/html/islamic/extra-images/project-list1.jpg]
[kodeforest.net/html/islamic/extra-images/project-list2.jpg]
[kodeforest.net/html/islamic/extra-images/project-list3.jpg]
[kodeforest.net/html/islamic/extra-images/project-list4.jpg]
[kodeforest.net/html/islamic/extra-images/project-list5.jpg]
[kodeforest.net/html/islamic/project-list.html]
[kodeforest.net/html/islamic/extra-images/project-detail.jpg]
[kodeforest.net/html/islamic/extra-images/project-detail1.jpg]
[kodeforest.net/html/islamic/extra-images/project-detail2.jpg]
[kodeforest.net/html/islamic/extra-images/donar.jpg]
[kodeforest.net/html/islamic/extra-images/donar1.jpg]
[kodeforest.net/html/islamic/extra-images/donar2.jpg]
[kodeforest.net/html/islamic/extra-images/donar3.jpg]
[kodeforest.net/html/islamic/extra-images/comment.jpg]
[kodeforest.net/html/islamic/extra-images/comment1.jpg]
[kodeforest.net/html/islamic/extra-images/comment2.jpg]
[kodeforest.net/html/islamic/extra-images/recent-news2.jpg]
[kodeforest.net/html/islamic/extra-images/photostrem.jpg]
[kodeforest.net/html/islamic/extra-images/photostrem1.jpg]
[kodeforest.net/html/islamic/extra-images/photostrem2.jpg]
[kodeforest.net/html/islamic/extra-images/photostrem3.jpg]
[kodeforest.net/html/islamic/extra-images/photostrem4.jpg]
[kodeforest.net/html/islamic/extra-images/photostrem5.jpg]
[kodeforest.net/html/islamic/extra-images/photostrem6.jpg]
[kodeforest.net/html/islamic/extra-images/photostrem7.jpg]
[kodeforest.net/html/islamic/extra-images/photostrem8.jpg]
[kodeforest.net/html/islamic/extra-images/photostrem9.jpg]
[kodeforest.net/html/islamic/extra-images/photostrem10.jpg]
[kodeforest.net/html/islamic/extra-images/photostrem11.jpg]
[kodeforest.net/html/islamic/project-detail.html]
[kodeforest.net/html/islamic/extra-images/blog01.jpg]
[kodeforest.net/html/islamic/extra-images/blog02.jpg]
[kodeforest.net/html/islamic/extra-images/blog03.jpg]
[kodeforest.net/html/islamic/extra-images/blog04.jpg]
[kodeforest.net/html/islamic/extra-images/blog05.jpg]
[kodeforest.net/html/islamic/extra-images/blog06.jpg]
[kodeforest.net/html/islamic/blog.html]
[kodeforest.net/html/islamic/extra-images/blog-grid.jpg]
[kodeforest.net/html/islamic/extra-images/blog-grid1.jpg]
[kodeforest.net/html/islamic/extra-images/blog-grid2.jpg]
[kodeforest.net/html/islamic/extra-images/blog-grid3.jpg]
[kodeforest.net/html/islamic/extra-images/blog-grid4.jpg]
[kodeforest.net/html/islamic/extra-images/blog-grid5.jpg]
[kodeforest.net/html/islamic/blog01.html]
[kodeforest.net/html/islamic/extra-images/blog-detail.jpg]
[kodeforest.net/html/islamic/extra-images/blog-detail1.jpg]
[kodeforest.net/html/islamic/extra-images/blog-detail2.jpg]
[kodeforest.net/html/islamic/extra-images/recent-news.jpg]
[kodeforest.net/html/islamic/extra-images/recent-news1.jpg]
[kodeforest.net/html/islamic/blog-detail.html]
[kodeforest.net/html/islamic/blog-sidebar.html]
[kodeforest.net/html/islamic/extra-images/portfolio.jpg]
[kodeforest.net/html/islamic/extra-images/portfolio1.jpg]
[kodeforest.net/html/islamic/extra-images/portfolio2.jpg]
[kodeforest.net/html/islamic/extra-images/portfolio3.jpg]
[kodeforest.net/html/islamic/extra-images/portfolio4.jpg]
[kodeforest.net/html/islamic/extra-images/portfolio5.jpg]
[kodeforest.net/html/islamic/extra-images/portfolio6.jpg]
[kodeforest.net/html/islamic/extra-images/portfolio7.jpg]
[kodeforest.net/html/islamic/portfolio.html]
[kodeforest.net/html/islamic/extra-images/portfolio01.jpg]
[kodeforest.net/html/islamic/extra-images/portfolio02.jpg]
[kodeforest.net/html/islamic/extra-images/portfolio03.jpg]
[kodeforest.net/html/islamic/extra-images/portfolio04.jpg]
[kodeforest.net/html/islamic/extra-images/portfolio05.jpg]
[kodeforest.net/html/islamic/extra-images/portfolio06.jpg]
[kodeforest.net/html/islamic/portfolio-01.html]
[kodeforest.net/html/islamic/extra-images/port1.jpg]
[kodeforest.net/html/islamic/extra-images/port2.jpg]
[kodeforest.net/html/islamic/extra-images/port3.jpg]
[kodeforest.net/html/islamic/extra-images/port4.jpg]
[kodeforest.net/html/islamic/extra-images/port5.jpg]
[kodeforest.net/html/islamic/extra-images/port6.jpg]
[kodeforest.net/html/islamic/js/controls.js]
[kodeforest.net/html/islamic/js/jquery.filterizr.js]
[kodeforest.net/html/islamic/portfolio-02.html]
[kodeforest.net/html/islamic/portfolio-detail.html]
[kodeforest.net/html/islamic/extra-images/event.jpg]
[kodeforest.net/html/islamic/extra-images/event1.jpg]
[kodeforest.net/html/islamic/extra-images/event2.jpg]
[kodeforest.net/html/islamic/extra-images/event3.jpg]
[kodeforest.net/html/islamic/extra-images/event4.jpg]
[kodeforest.net/html/islamic/extra-images/event5.jpg]
[kodeforest.net/html/islamic/extra-images/event6.jpg]
[kodeforest.net/html/islamic/extra-images/event7.jpg]
[kodeforest.net/html/islamic/event.html]
[kodeforest.net/html/islamic/404.html]
[kodeforest.net/html/islamic/extra-images/shop1.jpg]
[kodeforest.net/html/islamic/extra-images/shop.jpg]
[kodeforest.net/html/islamic/extra-images/shop2.jpg]
[kodeforest.net/html/islamic/extra-images/shop3.jpg]
[kodeforest.net/html/islamic/shop.html]
[kodeforest.net/html/islamic/images/coming-logo.png]
[kodeforest.net/html/islamic/coming-soon.html]
[kodeforest.net/html/islamic/extra-images/event-detail.jpg]
[kodeforest.net/html/islamic/extra-images/event_speaker.jpg]
[kodeforest.net/html/islamic/extra-images/event_speaker1.jpg]
[kodeforest.net/html/islamic/extra-images/coming-event.jpg]
[kodeforest.net/html/islamic/extra-images/coming-event1.jpg]
[kodeforest.net/html/islamic/event-detail.html]
[kodeforest.net/html/islamic/extra-images/blog3.jpg]
[kodeforest.net/html/islamic/extra-images/blog4.jpg]
[kodeforest.net/html/islamic/extra-images/blog5.jpg]
[kodeforest.net/html/islamic/extra-images/blog6.jpg]
[kodeforest.net/html/islamic/event-sidebar.html]
[kodeforest.net/html/islamic/extra-images/team-detail.jpg]
[kodeforest.net/html/islamic/team-detail.html]
[kodeforest.net/html/islamic/contact-us.html]
[kodeforest.net/html/islamic/fonts/fontawesome-webfont3e6e.svg]
[kodeforest.net/html/islamic/images/playlist.html]
[kodeforest.net/html/islamic/images/play.html]
[kodeforest.net/html/islamic/images/pause.html]
[kodeforest.net/html/islamic/images/rewind.html]
[kodeforest.net/html/islamic/images/next.html]
[kodeforest.net/html/islamic/images/stop.html]
[kodeforest.net/html/islamic/images/volume-off.html]
[kodeforest.net/html/islamic/images/volume-up.html]
[kodeforest.net/html/islamic/images/spr.html]
[kodeforest.net/html/islamic/image/prettyPhoto/default/sprite.html]
[kodeforest.net/html/islamic/image/prettyPhoto/default/sprite_x.html]
[kodeforest.net/html/islamic/image/prettyPhoto/default/sprite_y.html]
[kodeforest.net/html/islamic/image/prettyPhoto/default/sprite_next.html]
[kodeforest.net/html/islamic/image/prettyPhoto/default/sprite_prev.html]
[kodeforest.net/html/islamic/image/prettyPhoto/default/default_thumb.html]
[kodeforest.net/html/islamic/image/prettyPhoto/default/loader.html]
[kodeforest.net/html/islamic/image/prettyPhoto/light_rounded/sprite.html]
[kodeforest.net/html/islamic/image/prettyPhoto/light_rounded/btnNext.html]
[kodeforest.net/html/islamic/image/prettyPhoto/light_rounded/btnPrevious.html]
[kodeforest.net/html/islamic/image/prettyPhoto/dark_rounded/sprite.html]
[kodeforest.net/html/islamic/image/prettyPhoto/dark_rounded/contentPattern.html]
[kodeforest.net/html/islamic/image/prettyPhoto/dark_rounded/btnNext.html]
[kodeforest.net/html/islamic/image/prettyPhoto/dark_rounded/btnPrevious.html]
[kodeforest.net/html/islamic/image/prettyPhoto/dark_rounded/loader.html]
[kodeforest.net/html/islamic/image/prettyPhoto/dark_square/loader.html]
[kodeforest.net/html/islamic/image/prettyPhoto/dark_square/sprite.html]
[kodeforest.net/html/islamic/image/prettyPhoto/dark_square/btnNext.html]
[kodeforest.net/html/islamic/image/prettyPhoto/dark_square/btnPrevious.html]
[kodeforest.net/html/islamic/image/prettyPhoto/light_square/sprite.html]
[kodeforest.net/html/islamic/image/prettyPhoto/light_square/btnNext.html]
[kodeforest.net/html/islamic/image/prettyPhoto/light_square/btnPrevious.html]
[kodeforest.net/html/islamic/image/prettyPhoto/facebook/sprite.html]
[kodeforest.net/html/islamic/image/prettyPhoto/facebook/contentPatternTop.html]
[kodeforest.net/html/islamic/image/prettyPhoto/facebook/contentPatternLeft.html]
[kodeforest.net/html/islamic/image/prettyPhoto/facebook/contentPatternRight.html]
[kodeforest.net/html/islamic/imagesprettyPhoto/facebook/sprite.html]
[kodeforest.net/html/islamic/image/prettyPhoto/facebook/loader.html]
[kodeforest.net/html/islamic/image/prettyPhoto/facebook/btnNext.html]
[kodeforest.net/html/islamic/image/prettyPhoto/facebook/btnPrevious.html]
[kodeforest.net/html/islamic/image/prettyPhoto/facebook/contentPatternBottom.html]
[kodeforest.net/html/islamic/image/prettyPhoto/facebook/default_thumbnail.html]
[kodeforest.net/html/islamic/image/prettyPhoto/light_rounded/loader.html]
[kodeforest.net/html/islamic/fonts/icomooncfaa.svg]
[kodeforest.net/html/islamic/css/sidebar-widget.css]
